// Jest Snapshot v1, https://goo.gl/fbAQLP

exports[`<Game /> Snapshots renders game area correctly 1`] = `
Array [
  <table
    className="main-board"
  >
    <tbody>
      <tr>
        <td>
          <input
            className="writable"
            maxLength={1}
            readOnly={false}
          />
        </td>
        <td>
          <input
            className="writable"
            maxLength={1}
            readOnly={false}
          />
        </td>
        <td>
          <input
            className="readonly"
            maxLength={1}
            readOnly={true}
            value={2}
          />
        </td>
        <td>
          <input
            className="writable"
            maxLength={1}
            readOnly={false}
          />
        </td>
        <td>
          <input
            className="writable"
            maxLength={1}
            readOnly={false}
          />
        </td>
        <td>
          <input
            className="readonly"
            maxLength={1}
            readOnly={true}
            value={5}
          />
        </td>
        <td>
          <input
            className="readonly"
            maxLength={1}
            readOnly={true}
            value={4}
          />
        </td>
        <td>
          <input
            className="writable"
            maxLength={1}
            readOnly={false}
          />
        </td>
        <td>
          <input
            className="writable"
            maxLength={1}
            readOnly={false}
          />
        </td>
      </tr>
      <tr>
        <td>
          <input
            className="readonly"
            maxLength={1}
            readOnly={true}
            value={1}
          />
        </td>
        <td>
          <input
            className="writable"
            maxLength={1}
            readOnly={false}
          />
        </td>
        <td>
          <input
            className="writable"
            maxLength={1}
            readOnly={false}
          />
        </td>
        <td>
          <input
            className="readonly"
            maxLength={1}
            readOnly={true}
            value={8}
          />
        </td>
        <td>
          <input
            className="writable"
            maxLength={1}
            readOnly={false}
          />
        </td>
        <td>
          <input
            className="writable"
            maxLength={1}
            readOnly={false}
          />
        </td>
        <td>
          <input
            className="readonly"
            maxLength={1}
            readOnly={true}
            value={3}
          />
        </td>
        <td>
          <input
            className="writable"
            maxLength={1}
            readOnly={false}
          />
        </td>
        <td>
          <input
            className="writable"
            maxLength={1}
            readOnly={false}
          />
        </td>
      </tr>
      <tr>
        <td>
          <input
            className="writable"
            maxLength={1}
            readOnly={false}
          />
        </td>
        <td>
          <input
            className="writable"
            maxLength={1}
            readOnly={false}
          />
        </td>
        <td>
          <input
            className="readonly"
            maxLength={1}
            readOnly={true}
            value={7}
          />
        </td>
        <td>
          <input
            className="readonly"
            maxLength={1}
            readOnly={true}
            value={4}
          />
        </td>
        <td>
          <input
            className="readonly"
            maxLength={1}
            readOnly={true}
            value={1}
          />
        </td>
        <td>
          <input
            className="writable"
            maxLength={1}
            readOnly={false}
          />
        </td>
        <td>
          <input
            className="readonly"
            maxLength={1}
            readOnly={true}
            value={8}
          />
        </td>
        <td>
          <input
            className="writable"
            maxLength={1}
            readOnly={false}
          />
        </td>
        <td>
          <input
            className="writable"
            maxLength={1}
            readOnly={false}
          />
        </td>
      </tr>
      <tr>
        <td>
          <input
            className="writable"
            maxLength={1}
            readOnly={false}
          />
        </td>
        <td>
          <input
            className="readonly"
            maxLength={1}
            readOnly={true}
            value={4}
          />
        </td>
        <td>
          <input
            className="writable"
            maxLength={1}
            readOnly={false}
          />
        </td>
        <td>
          <input
            className="readonly"
            maxLength={1}
            readOnly={true}
            value={7}
          />
        </td>
        <td>
          <input
            className="readonly"
            maxLength={1}
            readOnly={true}
            value={5}
          />
        </td>
        <td>
          <input
            className="writable"
            maxLength={1}
            readOnly={false}
          />
        </td>
        <td>
          <input
            className="writable"
            maxLength={1}
            readOnly={false}
          />
        </td>
        <td>
          <input
            className="readonly"
            maxLength={1}
            readOnly={true}
            value={6}
          />
        </td>
        <td>
          <input
            className="writable"
            maxLength={1}
            readOnly={false}
          />
        </td>
      </tr>
      <tr>
        <td>
          <input
            className="writable"
            maxLength={1}
            readOnly={false}
          />
        </td>
        <td>
          <input
            className="readonly"
            maxLength={1}
            readOnly={true}
            value={2}
          />
        </td>
        <td>
          <input
            className="writable"
            maxLength={1}
            readOnly={false}
          />
        </td>
        <td>
          <input
            className="writable"
            maxLength={1}
            readOnly={false}
          />
        </td>
        <td>
          <input
            className="writable"
            maxLength={1}
            readOnly={false}
          />
        </td>
        <td>
          <input
            className="readonly"
            maxLength={1}
            readOnly={true}
            value={8}
          />
        </td>
        <td>
          <input
            className="writable"
            maxLength={1}
            readOnly={false}
          />
        </td>
        <td>
          <input
            className="readonly"
            maxLength={1}
            readOnly={true}
            value={1}
          />
        </td>
        <td>
          <input
            className="readonly"
            maxLength={1}
            readOnly={true}
            value={4}
          />
        </td>
      </tr>
      <tr>
        <td>
          <input
            className="readonly"
            maxLength={1}
            readOnly={true}
            value={6}
          />
        </td>
        <td>
          <input
            className="readonly"
            maxLength={1}
            readOnly={true}
            value={8}
          />
        </td>
        <td>
          <input
            className="writable"
            maxLength={1}
            readOnly={false}
          />
        </td>
        <td>
          <input
            className="writable"
            maxLength={1}
            readOnly={false}
          />
        </td>
        <td>
          <input
            className="writable"
            maxLength={1}
            readOnly={false}
          />
        </td>
        <td>
          <input
            className="writable"
            maxLength={1}
            readOnly={false}
          />
        </td>
        <td>
          <input
            className="writable"
            maxLength={1}
            readOnly={false}
          />
        </td>
        <td>
          <input
            className="readonly"
            maxLength={1}
            readOnly={true}
            value={7}
          />
        </td>
        <td>
          <input
            className="writable"
            maxLength={1}
            readOnly={false}
          />
        </td>
      </tr>
      <tr>
        <td>
          <input
            className="writable"
            maxLength={1}
            readOnly={false}
          />
        </td>
        <td>
          <input
            className="writable"
            maxLength={1}
            readOnly={false}
          />
        </td>
        <td>
          <input
            className="writable"
            maxLength={1}
            readOnly={false}
          />
        </td>
        <td>
          <input
            className="writable"
            maxLength={1}
            readOnly={false}
          />
        </td>
        <td>
          <input
            className="readonly"
            maxLength={1}
            readOnly={true}
            value={2}
          />
        </td>
        <td>
          <input
            className="writable"
            maxLength={1}
            readOnly={false}
          />
        </td>
        <td>
          <input
            className="readonly"
            maxLength={1}
            readOnly={true}
            value={1}
          />
        </td>
        <td>
          <input
            className="readonly"
            maxLength={1}
            readOnly={true}
            value={8}
          />
        </td>
        <td>
          <input
            className="readonly"
            maxLength={1}
            readOnly={true}
            value={5}
          />
        </td>
      </tr>
      <tr>
        <td>
          <input
            className="readonly"
            maxLength={1}
            readOnly={true}
            value={9}
          />
        </td>
        <td>
          <input
            className="writable"
            maxLength={1}
            readOnly={false}
          />
        </td>
        <td>
          <input
            className="writable"
            maxLength={1}
            readOnly={false}
          />
        </td>
        <td>
          <input
            className="readonly"
            maxLength={1}
            readOnly={true}
            value={5}
          />
        </td>
        <td>
          <input
            className="writable"
            maxLength={1}
            readOnly={false}
          />
        </td>
        <td>
          <input
            className="readonly"
            maxLength={1}
            readOnly={true}
            value={3}
          />
        </td>
        <td>
          <input
            className="writable"
            maxLength={1}
            readOnly={false}
          />
        </td>
        <td>
          <input
            className="writable"
            maxLength={1}
            readOnly={false}
          />
        </td>
        <td>
          <input
            className="readonly"
            maxLength={1}
            readOnly={true}
            value={2}
          />
        </td>
      </tr>
      <tr>
        <td>
          <input
            className="writable"
            maxLength={1}
            readOnly={false}
          />
        </td>
        <td>
          <input
            className="readonly"
            maxLength={1}
            readOnly={true}
            value={5}
          />
        </td>
        <td>
          <input
            className="readonly"
            maxLength={1}
            readOnly={true}
            value={8}
          />
        </td>
        <td>
          <input
            className="writable"
            maxLength={1}
            readOnly={false}
          />
        </td>
        <td>
          <input
            className="writable"
            maxLength={1}
            readOnly={false}
          />
        </td>
        <td>
          <input
            className="readonly"
            maxLength={1}
            readOnly={true}
            value={7}
          />
        </td>
        <td>
          <input
            className="writable"
            maxLength={1}
            readOnly={false}
          />
        </td>
        <td>
          <input
            className="writable"
            maxLength={1}
            readOnly={false}
          />
        </td>
        <td>
          <input
            className="writable"
            maxLength={1}
            readOnly={false}
          />
        </td>
      </tr>
    </tbody>
  </table>,
  <div
    className="control-area"
  >
    <a
      className="waves-effect waves-light btn"
    >
      New game
    </a>
  </div>,
]
`;
