// Jest Snapshot v1, https://goo.gl/fbAQLP

exports[`<App /> Snapshots renders correctly 1`] = `
Array [
  <header>
    <h3>
      Sudoku 26
    </h3>
  </header>,
  <div
    className="game-container"
  >
    <div
      className="main-board"
    >
      <i
        className="fa fa-spinner fa-spin"
      />
    </div>
    <div
      className="control-area"
    >
      <fieldset>
        <legend>
          Game
        </legend>
        <a
          className="waves-effect waves-light btn-small"
          onClick={[Function]}
        >
          Refresh
        </a>
        <a
          className="waves-effect waves-light btn-small"
          onClick={[Function]}
        >
          New game
        </a>
      </fieldset>
      <fieldset>
        <legend>
          Solver
        </legend>
        <a
          className="waves-effect waves-light btn-small"
          onClick={[Function]}
        >
          Clear all
        </a>
        <a
          className="waves-effect waves-light btn-small"
          onClick={[Function]}
        >
          Show solution
        </a>
      </fieldset>
    </div>
  </div>,
]
`;
