// Jest Snapshot v1, https://goo.gl/fbAQLP

exports[`<App /> Snapshots renders correctly 1`] = `
Array [
  <header>
    Sudoku solver
  </header>,
  <table>
    <tbody>
      <tr>
        <td>
          <input
            maxLength={1}
            readOnly={false}
          />
        </td>
        <td>
          <input
            maxLength={1}
            readOnly={true}
            value={2}
          />
        </td>
        <td>
          <input
            maxLength={1}
            readOnly={true}
            value={3}
          />
        </td>
        <td>
          <input
            maxLength={1}
            readOnly={true}
            value={4}
          />
        </td>
        <td>
          <input
            maxLength={1}
            readOnly={true}
            value={5}
          />
        </td>
        <td>
          <input
            maxLength={1}
            readOnly={true}
            value={6}
          />
        </td>
        <td>
          <input
            maxLength={1}
            readOnly={true}
            value={7}
          />
        </td>
        <td>
          <input
            maxLength={1}
            readOnly={true}
            value={8}
          />
        </td>
        <td>
          <input
            maxLength={1}
            readOnly={true}
            value={9}
          />
        </td>
      </tr>
      <tr>
        <td>
          <input
            maxLength={1}
            readOnly={true}
            value={1}
          />
        </td>
        <td>
          <input
            maxLength={1}
            readOnly={true}
            value={2}
          />
        </td>
        <td>
          <input
            maxLength={1}
            readOnly={true}
            value={3}
          />
        </td>
        <td>
          <input
            maxLength={1}
            readOnly={true}
            value={4}
          />
        </td>
        <td>
          <input
            maxLength={1}
            readOnly={true}
            value={5}
          />
        </td>
        <td>
          <input
            maxLength={1}
            readOnly={true}
            value={6}
          />
        </td>
        <td>
          <input
            maxLength={1}
            readOnly={true}
            value={7}
          />
        </td>
        <td>
          <input
            maxLength={1}
            readOnly={true}
            value={8}
          />
        </td>
        <td>
          <input
            maxLength={1}
            readOnly={true}
            value={9}
          />
        </td>
      </tr>
      <tr>
        <td>
          <input
            maxLength={1}
            readOnly={true}
            value={1}
          />
        </td>
        <td>
          <input
            maxLength={1}
            readOnly={true}
            value={2}
          />
        </td>
        <td>
          <input
            maxLength={1}
            readOnly={true}
            value={3}
          />
        </td>
        <td>
          <input
            maxLength={1}
            readOnly={true}
            value={4}
          />
        </td>
        <td>
          <input
            maxLength={1}
            readOnly={true}
            value={5}
          />
        </td>
        <td>
          <input
            maxLength={1}
            readOnly={false}
          />
        </td>
        <td>
          <input
            maxLength={1}
            readOnly={true}
            value={7}
          />
        </td>
        <td>
          <input
            maxLength={1}
            readOnly={true}
            value={8}
          />
        </td>
        <td>
          <input
            maxLength={1}
            readOnly={true}
            value={9}
          />
        </td>
      </tr>
      <tr>
        <td>
          <input
            maxLength={1}
            readOnly={true}
            value={1}
          />
        </td>
        <td>
          <input
            maxLength={1}
            readOnly={true}
            value={2}
          />
        </td>
        <td>
          <input
            maxLength={1}
            readOnly={true}
            value={3}
          />
        </td>
        <td>
          <input
            maxLength={1}
            readOnly={true}
            value={4}
          />
        </td>
        <td>
          <input
            maxLength={1}
            readOnly={true}
            value={5}
          />
        </td>
        <td>
          <input
            maxLength={1}
            readOnly={true}
            value={6}
          />
        </td>
        <td>
          <input
            maxLength={1}
            readOnly={true}
            value={7}
          />
        </td>
        <td>
          <input
            maxLength={1}
            readOnly={true}
            value={8}
          />
        </td>
        <td>
          <input
            maxLength={1}
            readOnly={true}
            value={9}
          />
        </td>
      </tr>
      <tr>
        <td>
          <input
            maxLength={1}
            readOnly={true}
            value={1}
          />
        </td>
        <td>
          <input
            maxLength={1}
            readOnly={true}
            value={2}
          />
        </td>
        <td>
          <input
            maxLength={1}
            readOnly={true}
            value={3}
          />
        </td>
        <td>
          <input
            maxLength={1}
            readOnly={true}
            value={4}
          />
        </td>
        <td>
          <input
            maxLength={1}
            readOnly={true}
            value={5}
          />
        </td>
        <td>
          <input
            maxLength={1}
            readOnly={true}
            value={6}
          />
        </td>
        <td>
          <input
            maxLength={1}
            readOnly={true}
            value={7}
          />
        </td>
        <td>
          <input
            maxLength={1}
            readOnly={true}
            value={8}
          />
        </td>
        <td>
          <input
            maxLength={1}
            readOnly={true}
            value={9}
          />
        </td>
      </tr>
      <tr>
        <td>
          <input
            maxLength={1}
            readOnly={true}
            value={1}
          />
        </td>
        <td>
          <input
            maxLength={1}
            readOnly={true}
            value={2}
          />
        </td>
        <td>
          <input
            maxLength={1}
            readOnly={true}
            value={3}
          />
        </td>
        <td>
          <input
            maxLength={1}
            readOnly={true}
            value={4}
          />
        </td>
        <td>
          <input
            maxLength={1}
            readOnly={true}
            value={5}
          />
        </td>
        <td>
          <input
            maxLength={1}
            readOnly={true}
            value={6}
          />
        </td>
        <td>
          <input
            maxLength={1}
            readOnly={true}
            value={7}
          />
        </td>
        <td>
          <input
            maxLength={1}
            readOnly={true}
            value={8}
          />
        </td>
        <td>
          <input
            maxLength={1}
            readOnly={true}
            value={9}
          />
        </td>
      </tr>
      <tr>
        <td>
          <input
            maxLength={1}
            readOnly={true}
            value={1}
          />
        </td>
        <td>
          <input
            maxLength={1}
            readOnly={false}
          />
        </td>
        <td>
          <input
            maxLength={1}
            readOnly={true}
            value={3}
          />
        </td>
        <td>
          <input
            maxLength={1}
            readOnly={true}
            value={4}
          />
        </td>
        <td>
          <input
            maxLength={1}
            readOnly={true}
            value={5}
          />
        </td>
        <td>
          <input
            maxLength={1}
            readOnly={true}
            value={6}
          />
        </td>
        <td>
          <input
            maxLength={1}
            readOnly={true}
            value={7}
          />
        </td>
        <td>
          <input
            maxLength={1}
            readOnly={true}
            value={8}
          />
        </td>
        <td>
          <input
            maxLength={1}
            readOnly={true}
            value={9}
          />
        </td>
      </tr>
      <tr>
        <td>
          <input
            maxLength={1}
            readOnly={true}
            value={1}
          />
        </td>
        <td>
          <input
            maxLength={1}
            readOnly={true}
            value={2}
          />
        </td>
        <td>
          <input
            maxLength={1}
            readOnly={true}
            value={3}
          />
        </td>
        <td>
          <input
            maxLength={1}
            readOnly={true}
            value={4}
          />
        </td>
        <td>
          <input
            maxLength={1}
            readOnly={true}
            value={5}
          />
        </td>
        <td>
          <input
            maxLength={1}
            readOnly={true}
            value={6}
          />
        </td>
        <td>
          <input
            maxLength={1}
            readOnly={true}
            value={7}
          />
        </td>
        <td>
          <input
            maxLength={1}
            readOnly={true}
            value={8}
          />
        </td>
        <td>
          <input
            maxLength={1}
            readOnly={true}
            value={9}
          />
        </td>
      </tr>
      <tr>
        <td>
          <input
            maxLength={1}
            readOnly={true}
            value={1}
          />
        </td>
        <td>
          <input
            maxLength={1}
            readOnly={true}
            value={2}
          />
        </td>
        <td>
          <input
            maxLength={1}
            readOnly={true}
            value={3}
          />
        </td>
        <td>
          <input
            maxLength={1}
            readOnly={true}
            value={4}
          />
        </td>
        <td>
          <input
            maxLength={1}
            readOnly={true}
            value={5}
          />
        </td>
        <td>
          <input
            maxLength={1}
            readOnly={true}
            value={6}
          />
        </td>
        <td>
          <input
            maxLength={1}
            readOnly={true}
            value={7}
          />
        </td>
        <td>
          <input
            maxLength={1}
            readOnly={true}
            value={8}
          />
        </td>
        <td>
          <input
            maxLength={1}
            readOnly={true}
            value={9}
          />
        </td>
      </tr>
    </tbody>
  </table>,
]
`;
