// Jest Snapshot v1, https://goo.gl/fbAQLP

exports[`<App /> Snapshots renders correctly 1`] = `
Array [
  <header>
    <h3>
      Sudoku 26
    </h3>
  </header>,
  <div
    className="game-container"
  >
    <table
      className="main-board"
    >
      <tbody>
        <tr>
          <td>
            <input
              className="writable"
              maxLength={1}
              onChange={[Function]}
              readOnly={false}
              value=""
            />
          </td>
          <td>
            <input
              className="writable"
              maxLength={1}
              onChange={[Function]}
              readOnly={false}
              value=""
            />
          </td>
          <td>
            <input
              className="writable"
              maxLength={1}
              onChange={[Function]}
              readOnly={false}
              value=""
            />
          </td>
          <td>
            <input
              className="writable"
              maxLength={1}
              onChange={[Function]}
              readOnly={false}
              value=""
            />
          </td>
          <td>
            <input
              className="writable"
              maxLength={1}
              onChange={[Function]}
              readOnly={false}
              value=""
            />
          </td>
          <td>
            <input
              className="writable"
              maxLength={1}
              onChange={[Function]}
              readOnly={false}
              value=""
            />
          </td>
          <td>
            <input
              className="writable"
              maxLength={1}
              onChange={[Function]}
              readOnly={false}
              value=""
            />
          </td>
          <td>
            <input
              className="writable"
              maxLength={1}
              onChange={[Function]}
              readOnly={false}
              value=""
            />
          </td>
          <td>
            <input
              className="writable"
              maxLength={1}
              onChange={[Function]}
              readOnly={false}
              value=""
            />
          </td>
        </tr>
        <tr>
          <td>
            <input
              className="writable"
              maxLength={1}
              onChange={[Function]}
              readOnly={false}
              value=""
            />
          </td>
          <td>
            <input
              className="writable"
              maxLength={1}
              onChange={[Function]}
              readOnly={false}
              value=""
            />
          </td>
          <td>
            <input
              className="writable"
              maxLength={1}
              onChange={[Function]}
              readOnly={false}
              value=""
            />
          </td>
          <td>
            <input
              className="writable"
              maxLength={1}
              onChange={[Function]}
              readOnly={false}
              value=""
            />
          </td>
          <td>
            <input
              className="writable"
              maxLength={1}
              onChange={[Function]}
              readOnly={false}
              value=""
            />
          </td>
          <td>
            <input
              className="writable"
              maxLength={1}
              onChange={[Function]}
              readOnly={false}
              value=""
            />
          </td>
          <td>
            <input
              className="writable"
              maxLength={1}
              onChange={[Function]}
              readOnly={false}
              value=""
            />
          </td>
          <td>
            <input
              className="writable"
              maxLength={1}
              onChange={[Function]}
              readOnly={false}
              value=""
            />
          </td>
          <td>
            <input
              className="writable"
              maxLength={1}
              onChange={[Function]}
              readOnly={false}
              value=""
            />
          </td>
        </tr>
        <tr>
          <td>
            <input
              className="writable"
              maxLength={1}
              onChange={[Function]}
              readOnly={false}
              value=""
            />
          </td>
          <td>
            <input
              className="writable"
              maxLength={1}
              onChange={[Function]}
              readOnly={false}
              value=""
            />
          </td>
          <td>
            <input
              className="writable"
              maxLength={1}
              onChange={[Function]}
              readOnly={false}
              value=""
            />
          </td>
          <td>
            <input
              className="writable"
              maxLength={1}
              onChange={[Function]}
              readOnly={false}
              value=""
            />
          </td>
          <td>
            <input
              className="writable"
              maxLength={1}
              onChange={[Function]}
              readOnly={false}
              value=""
            />
          </td>
          <td>
            <input
              className="writable"
              maxLength={1}
              onChange={[Function]}
              readOnly={false}
              value=""
            />
          </td>
          <td>
            <input
              className="writable"
              maxLength={1}
              onChange={[Function]}
              readOnly={false}
              value=""
            />
          </td>
          <td>
            <input
              className="writable"
              maxLength={1}
              onChange={[Function]}
              readOnly={false}
              value=""
            />
          </td>
          <td>
            <input
              className="writable"
              maxLength={1}
              onChange={[Function]}
              readOnly={false}
              value=""
            />
          </td>
        </tr>
        <tr>
          <td>
            <input
              className="writable"
              maxLength={1}
              onChange={[Function]}
              readOnly={false}
              value=""
            />
          </td>
          <td>
            <input
              className="writable"
              maxLength={1}
              onChange={[Function]}
              readOnly={false}
              value=""
            />
          </td>
          <td>
            <input
              className="writable"
              maxLength={1}
              onChange={[Function]}
              readOnly={false}
              value=""
            />
          </td>
          <td>
            <input
              className="writable"
              maxLength={1}
              onChange={[Function]}
              readOnly={false}
              value=""
            />
          </td>
          <td>
            <input
              className="writable"
              maxLength={1}
              onChange={[Function]}
              readOnly={false}
              value=""
            />
          </td>
          <td>
            <input
              className="writable"
              maxLength={1}
              onChange={[Function]}
              readOnly={false}
              value=""
            />
          </td>
          <td>
            <input
              className="writable"
              maxLength={1}
              onChange={[Function]}
              readOnly={false}
              value=""
            />
          </td>
          <td>
            <input
              className="writable"
              maxLength={1}
              onChange={[Function]}
              readOnly={false}
              value=""
            />
          </td>
          <td>
            <input
              className="writable"
              maxLength={1}
              onChange={[Function]}
              readOnly={false}
              value=""
            />
          </td>
        </tr>
        <tr>
          <td>
            <input
              className="writable"
              maxLength={1}
              onChange={[Function]}
              readOnly={false}
              value=""
            />
          </td>
          <td>
            <input
              className="writable"
              maxLength={1}
              onChange={[Function]}
              readOnly={false}
              value=""
            />
          </td>
          <td>
            <input
              className="writable"
              maxLength={1}
              onChange={[Function]}
              readOnly={false}
              value=""
            />
          </td>
          <td>
            <input
              className="writable"
              maxLength={1}
              onChange={[Function]}
              readOnly={false}
              value=""
            />
          </td>
          <td>
            <input
              className="writable"
              maxLength={1}
              onChange={[Function]}
              readOnly={false}
              value=""
            />
          </td>
          <td>
            <input
              className="writable"
              maxLength={1}
              onChange={[Function]}
              readOnly={false}
              value=""
            />
          </td>
          <td>
            <input
              className="writable"
              maxLength={1}
              onChange={[Function]}
              readOnly={false}
              value=""
            />
          </td>
          <td>
            <input
              className="writable"
              maxLength={1}
              onChange={[Function]}
              readOnly={false}
              value=""
            />
          </td>
          <td>
            <input
              className="writable"
              maxLength={1}
              onChange={[Function]}
              readOnly={false}
              value=""
            />
          </td>
        </tr>
        <tr>
          <td>
            <input
              className="writable"
              maxLength={1}
              onChange={[Function]}
              readOnly={false}
              value=""
            />
          </td>
          <td>
            <input
              className="writable"
              maxLength={1}
              onChange={[Function]}
              readOnly={false}
              value=""
            />
          </td>
          <td>
            <input
              className="writable"
              maxLength={1}
              onChange={[Function]}
              readOnly={false}
              value=""
            />
          </td>
          <td>
            <input
              className="writable"
              maxLength={1}
              onChange={[Function]}
              readOnly={false}
              value=""
            />
          </td>
          <td>
            <input
              className="writable"
              maxLength={1}
              onChange={[Function]}
              readOnly={false}
              value=""
            />
          </td>
          <td>
            <input
              className="writable"
              maxLength={1}
              onChange={[Function]}
              readOnly={false}
              value=""
            />
          </td>
          <td>
            <input
              className="writable"
              maxLength={1}
              onChange={[Function]}
              readOnly={false}
              value=""
            />
          </td>
          <td>
            <input
              className="writable"
              maxLength={1}
              onChange={[Function]}
              readOnly={false}
              value=""
            />
          </td>
          <td>
            <input
              className="writable"
              maxLength={1}
              onChange={[Function]}
              readOnly={false}
              value=""
            />
          </td>
        </tr>
        <tr>
          <td>
            <input
              className="writable"
              maxLength={1}
              onChange={[Function]}
              readOnly={false}
              value=""
            />
          </td>
          <td>
            <input
              className="writable"
              maxLength={1}
              onChange={[Function]}
              readOnly={false}
              value=""
            />
          </td>
          <td>
            <input
              className="writable"
              maxLength={1}
              onChange={[Function]}
              readOnly={false}
              value=""
            />
          </td>
          <td>
            <input
              className="writable"
              maxLength={1}
              onChange={[Function]}
              readOnly={false}
              value=""
            />
          </td>
          <td>
            <input
              className="writable"
              maxLength={1}
              onChange={[Function]}
              readOnly={false}
              value=""
            />
          </td>
          <td>
            <input
              className="writable"
              maxLength={1}
              onChange={[Function]}
              readOnly={false}
              value=""
            />
          </td>
          <td>
            <input
              className="writable"
              maxLength={1}
              onChange={[Function]}
              readOnly={false}
              value=""
            />
          </td>
          <td>
            <input
              className="writable"
              maxLength={1}
              onChange={[Function]}
              readOnly={false}
              value=""
            />
          </td>
          <td>
            <input
              className="writable"
              maxLength={1}
              onChange={[Function]}
              readOnly={false}
              value=""
            />
          </td>
        </tr>
        <tr>
          <td>
            <input
              className="writable"
              maxLength={1}
              onChange={[Function]}
              readOnly={false}
              value=""
            />
          </td>
          <td>
            <input
              className="writable"
              maxLength={1}
              onChange={[Function]}
              readOnly={false}
              value=""
            />
          </td>
          <td>
            <input
              className="writable"
              maxLength={1}
              onChange={[Function]}
              readOnly={false}
              value=""
            />
          </td>
          <td>
            <input
              className="writable"
              maxLength={1}
              onChange={[Function]}
              readOnly={false}
              value=""
            />
          </td>
          <td>
            <input
              className="writable"
              maxLength={1}
              onChange={[Function]}
              readOnly={false}
              value=""
            />
          </td>
          <td>
            <input
              className="writable"
              maxLength={1}
              onChange={[Function]}
              readOnly={false}
              value=""
            />
          </td>
          <td>
            <input
              className="writable"
              maxLength={1}
              onChange={[Function]}
              readOnly={false}
              value=""
            />
          </td>
          <td>
            <input
              className="writable"
              maxLength={1}
              onChange={[Function]}
              readOnly={false}
              value=""
            />
          </td>
          <td>
            <input
              className="writable"
              maxLength={1}
              onChange={[Function]}
              readOnly={false}
              value=""
            />
          </td>
        </tr>
        <tr>
          <td>
            <input
              className="writable"
              maxLength={1}
              onChange={[Function]}
              readOnly={false}
              value=""
            />
          </td>
          <td>
            <input
              className="writable"
              maxLength={1}
              onChange={[Function]}
              readOnly={false}
              value=""
            />
          </td>
          <td>
            <input
              className="writable"
              maxLength={1}
              onChange={[Function]}
              readOnly={false}
              value=""
            />
          </td>
          <td>
            <input
              className="writable"
              maxLength={1}
              onChange={[Function]}
              readOnly={false}
              value=""
            />
          </td>
          <td>
            <input
              className="writable"
              maxLength={1}
              onChange={[Function]}
              readOnly={false}
              value=""
            />
          </td>
          <td>
            <input
              className="writable"
              maxLength={1}
              onChange={[Function]}
              readOnly={false}
              value=""
            />
          </td>
          <td>
            <input
              className="writable"
              maxLength={1}
              onChange={[Function]}
              readOnly={false}
              value=""
            />
          </td>
          <td>
            <input
              className="writable"
              maxLength={1}
              onChange={[Function]}
              readOnly={false}
              value=""
            />
          </td>
          <td>
            <input
              className="writable"
              maxLength={1}
              onChange={[Function]}
              readOnly={false}
              value=""
            />
          </td>
        </tr>
      </tbody>
    </table>
    <div
      className="control-area"
    >
      <fieldset>
        <legend>
          Game
        </legend>
        <a
          className="waves-effect waves-light btn-small"
          onClick={[Function]}
        >
          Refresh
        </a>
        <a
          className="waves-effect waves-light btn-small"
          onClick={[Function]}
        >
          New game
        </a>
      </fieldset>
      <fieldset>
        <legend>
          Solver
        </legend>
        <a
          className="waves-effect waves-light btn-small"
          onClick={[Function]}
        >
          Clear all
        </a>
        <a
          className="waves-effect waves-light btn-small"
          onClick={[Function]}
        >
          Show solution
        </a>
      </fieldset>
    </div>
  </div>,
]
`;
