// Jest Snapshot v1, https://goo.gl/fbAQLP

exports[`<Board /> Snapshots renders boardData correctly 1`] = `
<table
  className="main-board"
>
  <tbody>
    <tr>
      <td>
        <input
          className="writable"
          maxLength={1}
          onChange={[Function]}
          readOnly={false}
          value=""
        />
      </td>
      <td>
        <input
          className="readonly"
          maxLength={1}
          onChange={[Function]}
          readOnly={true}
          value={8}
        />
      </td>
      <td>
        <input
          className="writable"
          maxLength={1}
          onChange={[Function]}
          readOnly={false}
          value=""
        />
      </td>
      <td>
        <input
          className="writable"
          maxLength={1}
          onChange={[Function]}
          readOnly={false}
          value=""
        />
      </td>
      <td>
        <input
          className="readonly"
          maxLength={1}
          onChange={[Function]}
          readOnly={true}
          value={5}
        />
      </td>
      <td>
        <input
          className="readonly"
          maxLength={1}
          onChange={[Function]}
          readOnly={true}
          value={1}
        />
      </td>
      <td>
        <input
          className="writable"
          maxLength={1}
          onChange={[Function]}
          readOnly={false}
          value=""
        />
      </td>
      <td>
        <input
          className="writable"
          maxLength={1}
          onChange={[Function]}
          readOnly={false}
          value=""
        />
      </td>
      <td>
        <input
          className="writable"
          maxLength={1}
          onChange={[Function]}
          readOnly={false}
          value=""
        />
      </td>
    </tr>
    <tr>
      <td>
        <input
          className="writable"
          maxLength={1}
          onChange={[Function]}
          readOnly={false}
          value=""
        />
      </td>
      <td>
        <input
          className="writable"
          maxLength={1}
          onChange={[Function]}
          readOnly={false}
          value=""
        />
      </td>
      <td>
        <input
          className="writable"
          maxLength={1}
          onChange={[Function]}
          readOnly={false}
          value=""
        />
      </td>
      <td>
        <input
          className="readonly"
          maxLength={1}
          onChange={[Function]}
          readOnly={true}
          value={6}
        />
      </td>
      <td>
        <input
          className="writable"
          maxLength={1}
          onChange={[Function]}
          readOnly={false}
          value=""
        />
      </td>
      <td>
        <input
          className="writable"
          maxLength={1}
          onChange={[Function]}
          readOnly={false}
          value=""
        />
      </td>
      <td>
        <input
          className="writable"
          maxLength={1}
          onChange={[Function]}
          readOnly={false}
          value=""
        />
      </td>
      <td>
        <input
          className="readonly"
          maxLength={1}
          onChange={[Function]}
          readOnly={true}
          value={2}
        />
      </td>
      <td>
        <input
          className="writable"
          maxLength={1}
          onChange={[Function]}
          readOnly={false}
          value=""
        />
      </td>
    </tr>
    <tr>
      <td>
        <input
          className="writable"
          maxLength={1}
          onChange={[Function]}
          readOnly={false}
          value=""
        />
      </td>
      <td>
        <input
          className="writable"
          maxLength={1}
          onChange={[Function]}
          readOnly={false}
          value=""
        />
      </td>
      <td>
        <input
          className="writable"
          maxLength={1}
          onChange={[Function]}
          readOnly={false}
          value=""
        />
      </td>
      <td>
        <input
          className="writable"
          maxLength={1}
          onChange={[Function]}
          readOnly={false}
          value=""
        />
      </td>
      <td>
        <input
          className="writable"
          maxLength={1}
          onChange={[Function]}
          readOnly={false}
          value=""
        />
      </td>
      <td>
        <input
          className="writable"
          maxLength={1}
          onChange={[Function]}
          readOnly={false}
          value=""
        />
      </td>
      <td>
        <input
          className="writable"
          maxLength={1}
          onChange={[Function]}
          readOnly={false}
          value=""
        />
      </td>
      <td>
        <input
          className="writable"
          maxLength={1}
          onChange={[Function]}
          readOnly={false}
          value=""
        />
      </td>
      <td>
        <input
          className="writable"
          maxLength={1}
          onChange={[Function]}
          readOnly={false}
          value=""
        />
      </td>
    </tr>
    <tr>
      <td>
        <input
          className="writable"
          maxLength={1}
          onChange={[Function]}
          readOnly={false}
          value=""
        />
      </td>
      <td>
        <input
          className="readonly"
          maxLength={1}
          onChange={[Function]}
          readOnly={true}
          value={3}
        />
      </td>
      <td>
        <input
          className="writable"
          maxLength={1}
          onChange={[Function]}
          readOnly={false}
          value=""
        />
      </td>
      <td>
        <input
          className="writable"
          maxLength={1}
          onChange={[Function]}
          readOnly={false}
          value=""
        />
      </td>
      <td>
        <input
          className="writable"
          maxLength={1}
          onChange={[Function]}
          readOnly={false}
          value=""
        />
      </td>
      <td>
        <input
          className="writable"
          maxLength={1}
          onChange={[Function]}
          readOnly={false}
          value=""
        />
      </td>
      <td>
        <input
          className="readonly"
          maxLength={1}
          onChange={[Function]}
          readOnly={true}
          value={8}
        />
      </td>
      <td>
        <input
          className="writable"
          maxLength={1}
          onChange={[Function]}
          readOnly={false}
          value=""
        />
      </td>
      <td>
        <input
          className="readonly"
          maxLength={1}
          onChange={[Function]}
          readOnly={true}
          value={5}
        />
      </td>
    </tr>
    <tr>
      <td>
        <input
          className="readonly"
          maxLength={1}
          onChange={[Function]}
          readOnly={true}
          value={5}
        />
      </td>
      <td>
        <input
          className="writable"
          maxLength={1}
          onChange={[Function]}
          readOnly={false}
          value=""
        />
      </td>
      <td>
        <input
          className="readonly"
          maxLength={1}
          onChange={[Function]}
          readOnly={true}
          value={7}
        />
      </td>
      <td>
        <input
          className="readonly"
          maxLength={1}
          onChange={[Function]}
          readOnly={true}
          value={4}
        />
      </td>
      <td>
        <input
          className="writable"
          maxLength={1}
          onChange={[Function]}
          readOnly={false}
          value=""
        />
      </td>
      <td>
        <input
          className="writable"
          maxLength={1}
          onChange={[Function]}
          readOnly={false}
          value=""
        />
      </td>
      <td>
        <input
          className="writable"
          maxLength={1}
          onChange={[Function]}
          readOnly={false}
          value=""
        />
      </td>
      <td>
        <input
          className="writable"
          maxLength={1}
          onChange={[Function]}
          readOnly={false}
          value=""
        />
      </td>
      <td>
        <input
          className="writable"
          maxLength={1}
          onChange={[Function]}
          readOnly={false}
          value=""
        />
      </td>
    </tr>
    <tr>
      <td>
        <input
          className="writable"
          maxLength={1}
          onChange={[Function]}
          readOnly={false}
          value=""
        />
      </td>
      <td>
        <input
          className="writable"
          maxLength={1}
          onChange={[Function]}
          readOnly={false}
          value=""
        />
      </td>
      <td>
        <input
          className="writable"
          maxLength={1}
          onChange={[Function]}
          readOnly={false}
          value=""
        />
      </td>
      <td>
        <input
          className="writable"
          maxLength={1}
          onChange={[Function]}
          readOnly={false}
          value=""
        />
      </td>
      <td>
        <input
          className="writable"
          maxLength={1}
          onChange={[Function]}
          readOnly={false}
          value=""
        />
      </td>
      <td>
        <input
          className="writable"
          maxLength={1}
          onChange={[Function]}
          readOnly={false}
          value=""
        />
      </td>
      <td>
        <input
          className="readonly"
          maxLength={1}
          onChange={[Function]}
          readOnly={true}
          value={1}
        />
      </td>
      <td>
        <input
          className="writable"
          maxLength={1}
          onChange={[Function]}
          readOnly={false}
          value=""
        />
      </td>
      <td>
        <input
          className="writable"
          maxLength={1}
          onChange={[Function]}
          readOnly={false}
          value=""
        />
      </td>
    </tr>
    <tr>
      <td>
        <input
          className="readonly"
          maxLength={1}
          onChange={[Function]}
          readOnly={true}
          value={4}
        />
      </td>
      <td>
        <input
          className="writable"
          maxLength={1}
          onChange={[Function]}
          readOnly={false}
          value=""
        />
      </td>
      <td>
        <input
          className="readonly"
          maxLength={1}
          onChange={[Function]}
          readOnly={true}
          value={6}
        />
      </td>
      <td>
        <input
          className="writable"
          maxLength={1}
          onChange={[Function]}
          readOnly={false}
          value=""
        />
      </td>
      <td>
        <input
          className="writable"
          maxLength={1}
          onChange={[Function]}
          readOnly={false}
          value=""
        />
      </td>
      <td>
        <input
          className="writable"
          maxLength={1}
          onChange={[Function]}
          readOnly={false}
          value=""
        />
      </td>
      <td>
        <input
          className="writable"
          maxLength={1}
          onChange={[Function]}
          readOnly={false}
          value=""
        />
      </td>
      <td>
        <input
          className="readonly"
          maxLength={1}
          onChange={[Function]}
          readOnly={true}
          value={7}
        />
      </td>
      <td>
        <input
          className="writable"
          maxLength={1}
          onChange={[Function]}
          readOnly={false}
          value=""
        />
      </td>
    </tr>
    <tr>
      <td>
        <input
          className="writable"
          maxLength={1}
          onChange={[Function]}
          readOnly={false}
          value=""
        />
      </td>
      <td>
        <input
          className="writable"
          maxLength={1}
          onChange={[Function]}
          readOnly={false}
          value=""
        />
      </td>
      <td>
        <input
          className="writable"
          maxLength={1}
          onChange={[Function]}
          readOnly={false}
          value=""
        />
      </td>
      <td>
        <input
          className="writable"
          maxLength={1}
          onChange={[Function]}
          readOnly={false}
          value=""
        />
      </td>
      <td>
        <input
          className="readonly"
          maxLength={1}
          onChange={[Function]}
          readOnly={true}
          value={3}
        />
      </td>
      <td>
        <input
          className="readonly"
          maxLength={1}
          onChange={[Function]}
          readOnly={true}
          value={5}
        />
      </td>
      <td>
        <input
          className="writable"
          maxLength={1}
          onChange={[Function]}
          readOnly={false}
          value=""
        />
      </td>
      <td>
        <input
          className="writable"
          maxLength={1}
          onChange={[Function]}
          readOnly={false}
          value=""
        />
      </td>
      <td>
        <input
          className="writable"
          maxLength={1}
          onChange={[Function]}
          readOnly={false}
          value=""
        />
      </td>
    </tr>
    <tr>
      <td>
        <input
          className="readonly"
          maxLength={1}
          onChange={[Function]}
          readOnly={true}
          value={2}
        />
      </td>
      <td>
        <input
          className="writable"
          maxLength={1}
          onChange={[Function]}
          readOnly={false}
          value=""
        />
      </td>
      <td>
        <input
          className="writable"
          maxLength={1}
          onChange={[Function]}
          readOnly={false}
          value=""
        />
      </td>
      <td>
        <input
          className="writable"
          maxLength={1}
          onChange={[Function]}
          readOnly={false}
          value=""
        />
      </td>
      <td>
        <input
          className="writable"
          maxLength={1}
          onChange={[Function]}
          readOnly={false}
          value=""
        />
      </td>
      <td>
        <input
          className="writable"
          maxLength={1}
          onChange={[Function]}
          readOnly={false}
          value=""
        />
      </td>
      <td>
        <input
          className="writable"
          maxLength={1}
          onChange={[Function]}
          readOnly={false}
          value=""
        />
      </td>
      <td>
        <input
          className="writable"
          maxLength={1}
          onChange={[Function]}
          readOnly={false}
          value=""
        />
      </td>
      <td>
        <input
          className="writable"
          maxLength={1}
          onChange={[Function]}
          readOnly={false}
          value=""
        />
      </td>
    </tr>
  </tbody>
</table>
`;

exports[`<Board /> Snapshots renders boardData correctly when all finish 1`] = `
<table
  className="main-board"
>
  <tbody>
    <tr>
      <td>
        <input
          className="finish"
          maxLength={1}
          onChange={[Function]}
          readOnly={false}
          value={7}
        />
      </td>
      <td>
        <input
          className="finish"
          maxLength={1}
          onChange={[Function]}
          readOnly={true}
          value={8}
        />
      </td>
      <td>
        <input
          className="finish"
          maxLength={1}
          onChange={[Function]}
          readOnly={false}
          value={2}
        />
      </td>
      <td>
        <input
          className="finish"
          maxLength={1}
          onChange={[Function]}
          readOnly={false}
          value={3}
        />
      </td>
      <td>
        <input
          className="finish"
          maxLength={1}
          onChange={[Function]}
          readOnly={true}
          value={5}
        />
      </td>
      <td>
        <input
          className="finish"
          maxLength={1}
          onChange={[Function]}
          readOnly={true}
          value={1}
        />
      </td>
      <td>
        <input
          className="finish"
          maxLength={1}
          onChange={[Function]}
          readOnly={false}
          value={9}
        />
      </td>
      <td>
        <input
          className="finish"
          maxLength={1}
          onChange={[Function]}
          readOnly={false}
          value={6}
        />
      </td>
      <td>
        <input
          className="finish"
          maxLength={1}
          onChange={[Function]}
          readOnly={false}
          value={4}
        />
      </td>
    </tr>
    <tr>
      <td>
        <input
          className="finish"
          maxLength={1}
          onChange={[Function]}
          readOnly={false}
          value={1}
        />
      </td>
      <td>
        <input
          className="finish"
          maxLength={1}
          onChange={[Function]}
          readOnly={false}
          value={4}
        />
      </td>
      <td>
        <input
          className="finish"
          maxLength={1}
          onChange={[Function]}
          readOnly={false}
          value={5}
        />
      </td>
      <td>
        <input
          className="finish"
          maxLength={1}
          onChange={[Function]}
          readOnly={true}
          value={6}
        />
      </td>
      <td>
        <input
          className="finish"
          maxLength={1}
          onChange={[Function]}
          readOnly={false}
          value={9}
        />
      </td>
      <td>
        <input
          className="finish"
          maxLength={1}
          onChange={[Function]}
          readOnly={false}
          value={7}
        />
      </td>
      <td>
        <input
          className="finish"
          maxLength={1}
          onChange={[Function]}
          readOnly={false}
          value={3}
        />
      </td>
      <td>
        <input
          className="finish"
          maxLength={1}
          onChange={[Function]}
          readOnly={true}
          value={2}
        />
      </td>
      <td>
        <input
          className="finish"
          maxLength={1}
          onChange={[Function]}
          readOnly={false}
          value={8}
        />
      </td>
    </tr>
    <tr>
      <td>
        <input
          className="finish"
          maxLength={1}
          onChange={[Function]}
          readOnly={false}
          value={3}
        />
      </td>
      <td>
        <input
          className="finish"
          maxLength={1}
          onChange={[Function]}
          readOnly={false}
          value={6}
        />
      </td>
      <td>
        <input
          className="finish"
          maxLength={1}
          onChange={[Function]}
          readOnly={false}
          value={9}
        />
      </td>
      <td>
        <input
          className="finish"
          maxLength={1}
          onChange={[Function]}
          readOnly={false}
          value={8}
        />
      </td>
      <td>
        <input
          className="finish"
          maxLength={1}
          onChange={[Function]}
          readOnly={false}
          value={2}
        />
      </td>
      <td>
        <input
          className="finish"
          maxLength={1}
          onChange={[Function]}
          readOnly={false}
          value={4}
        />
      </td>
      <td>
        <input
          className="finish"
          maxLength={1}
          onChange={[Function]}
          readOnly={false}
          value={7}
        />
      </td>
      <td>
        <input
          className="finish"
          maxLength={1}
          onChange={[Function]}
          readOnly={false}
          value={5}
        />
      </td>
      <td>
        <input
          className="finish"
          maxLength={1}
          onChange={[Function]}
          readOnly={false}
          value={1}
        />
      </td>
    </tr>
    <tr>
      <td>
        <input
          className="finish"
          maxLength={1}
          onChange={[Function]}
          readOnly={false}
          value={6}
        />
      </td>
      <td>
        <input
          className="finish"
          maxLength={1}
          onChange={[Function]}
          readOnly={true}
          value={3}
        />
      </td>
      <td>
        <input
          className="finish"
          maxLength={1}
          onChange={[Function]}
          readOnly={false}
          value={1}
        />
      </td>
      <td>
        <input
          className="finish"
          maxLength={1}
          onChange={[Function]}
          readOnly={false}
          value={9}
        />
      </td>
      <td>
        <input
          className="finish"
          maxLength={1}
          onChange={[Function]}
          readOnly={false}
          value={7}
        />
      </td>
      <td>
        <input
          className="finish"
          maxLength={1}
          onChange={[Function]}
          readOnly={false}
          value={2}
        />
      </td>
      <td>
        <input
          className="finish"
          maxLength={1}
          onChange={[Function]}
          readOnly={true}
          value={8}
        />
      </td>
      <td>
        <input
          className="finish"
          maxLength={1}
          onChange={[Function]}
          readOnly={false}
          value={4}
        />
      </td>
      <td>
        <input
          className="finish"
          maxLength={1}
          onChange={[Function]}
          readOnly={true}
          value={5}
        />
      </td>
    </tr>
    <tr>
      <td>
        <input
          className="finish"
          maxLength={1}
          onChange={[Function]}
          readOnly={true}
          value={5}
        />
      </td>
      <td>
        <input
          className="finish"
          maxLength={1}
          onChange={[Function]}
          readOnly={false}
          value={9}
        />
      </td>
      <td>
        <input
          className="finish"
          maxLength={1}
          onChange={[Function]}
          readOnly={true}
          value={7}
        />
      </td>
      <td>
        <input
          className="finish"
          maxLength={1}
          onChange={[Function]}
          readOnly={true}
          value={4}
        />
      </td>
      <td>
        <input
          className="finish"
          maxLength={1}
          onChange={[Function]}
          readOnly={false}
          value={1}
        />
      </td>
      <td>
        <input
          className="finish"
          maxLength={1}
          onChange={[Function]}
          readOnly={false}
          value={8}
        />
      </td>
      <td>
        <input
          className="finish"
          maxLength={1}
          onChange={[Function]}
          readOnly={false}
          value={6}
        />
      </td>
      <td>
        <input
          className="finish"
          maxLength={1}
          onChange={[Function]}
          readOnly={false}
          value={3}
        />
      </td>
      <td>
        <input
          className="finish"
          maxLength={1}
          onChange={[Function]}
          readOnly={false}
          value={2}
        />
      </td>
    </tr>
    <tr>
      <td>
        <input
          className="finish"
          maxLength={1}
          onChange={[Function]}
          readOnly={false}
          value={8}
        />
      </td>
      <td>
        <input
          className="finish"
          maxLength={1}
          onChange={[Function]}
          readOnly={false}
          value={2}
        />
      </td>
      <td>
        <input
          className="finish"
          maxLength={1}
          onChange={[Function]}
          readOnly={false}
          value={4}
        />
      </td>
      <td>
        <input
          className="finish"
          maxLength={1}
          onChange={[Function]}
          readOnly={false}
          value={5}
        />
      </td>
      <td>
        <input
          className="finish"
          maxLength={1}
          onChange={[Function]}
          readOnly={false}
          value={6}
        />
      </td>
      <td>
        <input
          className="finish"
          maxLength={1}
          onChange={[Function]}
          readOnly={false}
          value={3}
        />
      </td>
      <td>
        <input
          className="finish"
          maxLength={1}
          onChange={[Function]}
          readOnly={true}
          value={1}
        />
      </td>
      <td>
        <input
          className="finish"
          maxLength={1}
          onChange={[Function]}
          readOnly={false}
          value={9}
        />
      </td>
      <td>
        <input
          className="finish"
          maxLength={1}
          onChange={[Function]}
          readOnly={false}
          value={7}
        />
      </td>
    </tr>
    <tr>
      <td>
        <input
          className="finish"
          maxLength={1}
          onChange={[Function]}
          readOnly={true}
          value={4}
        />
      </td>
      <td>
        <input
          className="finish"
          maxLength={1}
          onChange={[Function]}
          readOnly={false}
          value={5}
        />
      </td>
      <td>
        <input
          className="finish"
          maxLength={1}
          onChange={[Function]}
          readOnly={true}
          value={6}
        />
      </td>
      <td>
        <input
          className="finish"
          maxLength={1}
          onChange={[Function]}
          readOnly={false}
          value={1}
        />
      </td>
      <td>
        <input
          className="finish"
          maxLength={1}
          onChange={[Function]}
          readOnly={false}
          value={8}
        />
      </td>
      <td>
        <input
          className="finish"
          maxLength={1}
          onChange={[Function]}
          readOnly={false}
          value={9}
        />
      </td>
      <td>
        <input
          className="finish"
          maxLength={1}
          onChange={[Function]}
          readOnly={false}
          value={2}
        />
      </td>
      <td>
        <input
          className="finish"
          maxLength={1}
          onChange={[Function]}
          readOnly={true}
          value={7}
        />
      </td>
      <td>
        <input
          className="finish"
          maxLength={1}
          onChange={[Function]}
          readOnly={false}
          value={3}
        />
      </td>
    </tr>
    <tr>
      <td>
        <input
          className="finish"
          maxLength={1}
          onChange={[Function]}
          readOnly={false}
          value={9}
        />
      </td>
      <td>
        <input
          className="finish"
          maxLength={1}
          onChange={[Function]}
          readOnly={false}
          value={7}
        />
      </td>
      <td>
        <input
          className="finish"
          maxLength={1}
          onChange={[Function]}
          readOnly={false}
          value={8}
        />
      </td>
      <td>
        <input
          className="finish"
          maxLength={1}
          onChange={[Function]}
          readOnly={false}
          value={2}
        />
      </td>
      <td>
        <input
          className="finish"
          maxLength={1}
          onChange={[Function]}
          readOnly={true}
          value={3}
        />
      </td>
      <td>
        <input
          className="finish"
          maxLength={1}
          onChange={[Function]}
          readOnly={true}
          value={5}
        />
      </td>
      <td>
        <input
          className="finish"
          maxLength={1}
          onChange={[Function]}
          readOnly={false}
          value={4}
        />
      </td>
      <td>
        <input
          className="finish"
          maxLength={1}
          onChange={[Function]}
          readOnly={false}
          value={1}
        />
      </td>
      <td>
        <input
          className="finish"
          maxLength={1}
          onChange={[Function]}
          readOnly={false}
          value={6}
        />
      </td>
    </tr>
    <tr>
      <td>
        <input
          className="finish"
          maxLength={1}
          onChange={[Function]}
          readOnly={true}
          value={2}
        />
      </td>
      <td>
        <input
          className="finish"
          maxLength={1}
          onChange={[Function]}
          readOnly={false}
          value={1}
        />
      </td>
      <td>
        <input
          className="finish"
          maxLength={1}
          onChange={[Function]}
          readOnly={false}
          value={3}
        />
      </td>
      <td>
        <input
          className="finish"
          maxLength={1}
          onChange={[Function]}
          readOnly={false}
          value={7}
        />
      </td>
      <td>
        <input
          className="finish"
          maxLength={1}
          onChange={[Function]}
          readOnly={false}
          value={4}
        />
      </td>
      <td>
        <input
          className="finish"
          maxLength={1}
          onChange={[Function]}
          readOnly={false}
          value={6}
        />
      </td>
      <td>
        <input
          className="finish"
          maxLength={1}
          onChange={[Function]}
          readOnly={false}
          value={5}
        />
      </td>
      <td>
        <input
          className="finish"
          maxLength={1}
          onChange={[Function]}
          readOnly={false}
          value={8}
        />
      </td>
      <td>
        <input
          className="finish"
          maxLength={1}
          onChange={[Function]}
          readOnly={false}
          value={9}
        />
      </td>
    </tr>
  </tbody>
</table>
`;

exports[`<Board /> Snapshots renders boardData correctly when loading 1`] = `
<table
  className="main-board"
>
  <tbody>
    <tr>
      <td>
        <input
          className="writable"
          maxLength={1}
          onChange={[Function]}
          readOnly={false}
          value=""
        />
      </td>
      <td>
        <input
          className="readonly"
          maxLength={1}
          onChange={[Function]}
          readOnly={true}
          value={8}
        />
      </td>
      <td>
        <input
          className="writable"
          maxLength={1}
          onChange={[Function]}
          readOnly={false}
          value=""
        />
      </td>
      <td>
        <input
          className="writable"
          maxLength={1}
          onChange={[Function]}
          readOnly={false}
          value=""
        />
      </td>
      <td>
        <input
          className="readonly"
          maxLength={1}
          onChange={[Function]}
          readOnly={true}
          value={5}
        />
      </td>
      <td>
        <input
          className="readonly"
          maxLength={1}
          onChange={[Function]}
          readOnly={true}
          value={1}
        />
      </td>
      <td>
        <input
          className="writable"
          maxLength={1}
          onChange={[Function]}
          readOnly={false}
          value=""
        />
      </td>
      <td>
        <input
          className="writable"
          maxLength={1}
          onChange={[Function]}
          readOnly={false}
          value=""
        />
      </td>
      <td>
        <input
          className="writable"
          maxLength={1}
          onChange={[Function]}
          readOnly={false}
          value=""
        />
      </td>
    </tr>
    <tr>
      <td>
        <input
          className="writable"
          maxLength={1}
          onChange={[Function]}
          readOnly={false}
          value=""
        />
      </td>
      <td>
        <input
          className="writable"
          maxLength={1}
          onChange={[Function]}
          readOnly={false}
          value=""
        />
      </td>
      <td>
        <input
          className="writable"
          maxLength={1}
          onChange={[Function]}
          readOnly={false}
          value=""
        />
      </td>
      <td>
        <input
          className="readonly"
          maxLength={1}
          onChange={[Function]}
          readOnly={true}
          value={6}
        />
      </td>
      <td>
        <input
          className="writable"
          maxLength={1}
          onChange={[Function]}
          readOnly={false}
          value=""
        />
      </td>
      <td>
        <input
          className="writable"
          maxLength={1}
          onChange={[Function]}
          readOnly={false}
          value=""
        />
      </td>
      <td>
        <input
          className="writable"
          maxLength={1}
          onChange={[Function]}
          readOnly={false}
          value=""
        />
      </td>
      <td>
        <input
          className="readonly"
          maxLength={1}
          onChange={[Function]}
          readOnly={true}
          value={2}
        />
      </td>
      <td>
        <input
          className="writable"
          maxLength={1}
          onChange={[Function]}
          readOnly={false}
          value=""
        />
      </td>
    </tr>
    <tr>
      <td>
        <input
          className="writable"
          maxLength={1}
          onChange={[Function]}
          readOnly={false}
          value=""
        />
      </td>
      <td>
        <input
          className="writable"
          maxLength={1}
          onChange={[Function]}
          readOnly={false}
          value=""
        />
      </td>
      <td>
        <input
          className="writable"
          maxLength={1}
          onChange={[Function]}
          readOnly={false}
          value=""
        />
      </td>
      <td>
        <input
          className="writable"
          maxLength={1}
          onChange={[Function]}
          readOnly={false}
          value=""
        />
      </td>
      <td>
        <input
          className="writable"
          maxLength={1}
          onChange={[Function]}
          readOnly={false}
          value=""
        />
      </td>
      <td>
        <input
          className="writable"
          maxLength={1}
          onChange={[Function]}
          readOnly={false}
          value=""
        />
      </td>
      <td>
        <input
          className="writable"
          maxLength={1}
          onChange={[Function]}
          readOnly={false}
          value=""
        />
      </td>
      <td>
        <input
          className="writable"
          maxLength={1}
          onChange={[Function]}
          readOnly={false}
          value=""
        />
      </td>
      <td>
        <input
          className="writable"
          maxLength={1}
          onChange={[Function]}
          readOnly={false}
          value=""
        />
      </td>
    </tr>
    <tr>
      <td>
        <input
          className="writable"
          maxLength={1}
          onChange={[Function]}
          readOnly={false}
          value=""
        />
      </td>
      <td>
        <input
          className="readonly"
          maxLength={1}
          onChange={[Function]}
          readOnly={true}
          value={3}
        />
      </td>
      <td>
        <input
          className="writable"
          maxLength={1}
          onChange={[Function]}
          readOnly={false}
          value=""
        />
      </td>
      <td>
        <input
          className="writable"
          maxLength={1}
          onChange={[Function]}
          readOnly={false}
          value=""
        />
      </td>
      <td>
        <input
          className="writable"
          maxLength={1}
          onChange={[Function]}
          readOnly={false}
          value=""
        />
      </td>
      <td>
        <input
          className="writable"
          maxLength={1}
          onChange={[Function]}
          readOnly={false}
          value=""
        />
      </td>
      <td>
        <input
          className="readonly"
          maxLength={1}
          onChange={[Function]}
          readOnly={true}
          value={8}
        />
      </td>
      <td>
        <input
          className="writable"
          maxLength={1}
          onChange={[Function]}
          readOnly={false}
          value=""
        />
      </td>
      <td>
        <input
          className="readonly"
          maxLength={1}
          onChange={[Function]}
          readOnly={true}
          value={5}
        />
      </td>
    </tr>
    <tr>
      <td>
        <input
          className="readonly"
          maxLength={1}
          onChange={[Function]}
          readOnly={true}
          value={5}
        />
      </td>
      <td>
        <input
          className="writable"
          maxLength={1}
          onChange={[Function]}
          readOnly={false}
          value=""
        />
      </td>
      <td>
        <input
          className="readonly"
          maxLength={1}
          onChange={[Function]}
          readOnly={true}
          value={7}
        />
      </td>
      <td>
        <input
          className="readonly"
          maxLength={1}
          onChange={[Function]}
          readOnly={true}
          value={4}
        />
      </td>
      <td>
        <input
          className="writable"
          maxLength={1}
          onChange={[Function]}
          readOnly={false}
          value=""
        />
      </td>
      <td>
        <input
          className="writable"
          maxLength={1}
          onChange={[Function]}
          readOnly={false}
          value=""
        />
      </td>
      <td>
        <input
          className="writable"
          maxLength={1}
          onChange={[Function]}
          readOnly={false}
          value=""
        />
      </td>
      <td>
        <input
          className="writable"
          maxLength={1}
          onChange={[Function]}
          readOnly={false}
          value=""
        />
      </td>
      <td>
        <input
          className="writable"
          maxLength={1}
          onChange={[Function]}
          readOnly={false}
          value=""
        />
      </td>
    </tr>
    <tr>
      <td>
        <input
          className="writable"
          maxLength={1}
          onChange={[Function]}
          readOnly={false}
          value=""
        />
      </td>
      <td>
        <input
          className="writable"
          maxLength={1}
          onChange={[Function]}
          readOnly={false}
          value=""
        />
      </td>
      <td>
        <input
          className="writable"
          maxLength={1}
          onChange={[Function]}
          readOnly={false}
          value=""
        />
      </td>
      <td>
        <input
          className="writable"
          maxLength={1}
          onChange={[Function]}
          readOnly={false}
          value=""
        />
      </td>
      <td>
        <input
          className="writable"
          maxLength={1}
          onChange={[Function]}
          readOnly={false}
          value=""
        />
      </td>
      <td>
        <input
          className="writable"
          maxLength={1}
          onChange={[Function]}
          readOnly={false}
          value=""
        />
      </td>
      <td>
        <input
          className="readonly"
          maxLength={1}
          onChange={[Function]}
          readOnly={true}
          value={1}
        />
      </td>
      <td>
        <input
          className="writable"
          maxLength={1}
          onChange={[Function]}
          readOnly={false}
          value=""
        />
      </td>
      <td>
        <input
          className="writable"
          maxLength={1}
          onChange={[Function]}
          readOnly={false}
          value=""
        />
      </td>
    </tr>
    <tr>
      <td>
        <input
          className="readonly"
          maxLength={1}
          onChange={[Function]}
          readOnly={true}
          value={4}
        />
      </td>
      <td>
        <input
          className="writable"
          maxLength={1}
          onChange={[Function]}
          readOnly={false}
          value=""
        />
      </td>
      <td>
        <input
          className="readonly"
          maxLength={1}
          onChange={[Function]}
          readOnly={true}
          value={6}
        />
      </td>
      <td>
        <input
          className="writable"
          maxLength={1}
          onChange={[Function]}
          readOnly={false}
          value=""
        />
      </td>
      <td>
        <input
          className="writable"
          maxLength={1}
          onChange={[Function]}
          readOnly={false}
          value=""
        />
      </td>
      <td>
        <input
          className="writable"
          maxLength={1}
          onChange={[Function]}
          readOnly={false}
          value=""
        />
      </td>
      <td>
        <input
          className="writable"
          maxLength={1}
          onChange={[Function]}
          readOnly={false}
          value=""
        />
      </td>
      <td>
        <input
          className="readonly"
          maxLength={1}
          onChange={[Function]}
          readOnly={true}
          value={7}
        />
      </td>
      <td>
        <input
          className="writable"
          maxLength={1}
          onChange={[Function]}
          readOnly={false}
          value=""
        />
      </td>
    </tr>
    <tr>
      <td>
        <input
          className="writable"
          maxLength={1}
          onChange={[Function]}
          readOnly={false}
          value=""
        />
      </td>
      <td>
        <input
          className="writable"
          maxLength={1}
          onChange={[Function]}
          readOnly={false}
          value=""
        />
      </td>
      <td>
        <input
          className="writable"
          maxLength={1}
          onChange={[Function]}
          readOnly={false}
          value=""
        />
      </td>
      <td>
        <input
          className="writable"
          maxLength={1}
          onChange={[Function]}
          readOnly={false}
          value=""
        />
      </td>
      <td>
        <input
          className="readonly"
          maxLength={1}
          onChange={[Function]}
          readOnly={true}
          value={3}
        />
      </td>
      <td>
        <input
          className="readonly"
          maxLength={1}
          onChange={[Function]}
          readOnly={true}
          value={5}
        />
      </td>
      <td>
        <input
          className="writable"
          maxLength={1}
          onChange={[Function]}
          readOnly={false}
          value=""
        />
      </td>
      <td>
        <input
          className="writable"
          maxLength={1}
          onChange={[Function]}
          readOnly={false}
          value=""
        />
      </td>
      <td>
        <input
          className="writable"
          maxLength={1}
          onChange={[Function]}
          readOnly={false}
          value=""
        />
      </td>
    </tr>
    <tr>
      <td>
        <input
          className="readonly"
          maxLength={1}
          onChange={[Function]}
          readOnly={true}
          value={2}
        />
      </td>
      <td>
        <input
          className="writable"
          maxLength={1}
          onChange={[Function]}
          readOnly={false}
          value=""
        />
      </td>
      <td>
        <input
          className="writable"
          maxLength={1}
          onChange={[Function]}
          readOnly={false}
          value=""
        />
      </td>
      <td>
        <input
          className="writable"
          maxLength={1}
          onChange={[Function]}
          readOnly={false}
          value=""
        />
      </td>
      <td>
        <input
          className="writable"
          maxLength={1}
          onChange={[Function]}
          readOnly={false}
          value=""
        />
      </td>
      <td>
        <input
          className="writable"
          maxLength={1}
          onChange={[Function]}
          readOnly={false}
          value=""
        />
      </td>
      <td>
        <input
          className="writable"
          maxLength={1}
          onChange={[Function]}
          readOnly={false}
          value=""
        />
      </td>
      <td>
        <input
          className="writable"
          maxLength={1}
          onChange={[Function]}
          readOnly={false}
          value=""
        />
      </td>
      <td>
        <input
          className="writable"
          maxLength={1}
          onChange={[Function]}
          readOnly={false}
          value=""
        />
      </td>
    </tr>
  </tbody>
</table>
`;
